------------------------------------------------------------
Timing Analyzer Summary
------------------------------------------------------------

Type  : Slow 1200mV 85C Model Setup 'clk'
Slack : -2.627
TNS   : -60.780

Type  : Slow 1200mV 85C Model Setup 'divfreq:dFreq|clk1kHz'
Slack : -0.981
TNS   : -8.703

Type  : Slow 1200mV 85C Model Hold 'clk'
Slack : 0.357
TNS   : 0.000

Type  : Slow 1200mV 85C Model Hold 'divfreq:dFreq|clk1kHz'
Slack : 0.361
TNS   : 0.000

Type  : Slow 1200mV 85C Model Minimum Pulse Width 'clk'
Slack : -3.000
TNS   : -46.000

Type  : Slow 1200mV 85C Model Minimum Pulse Width 'divfreq:dFreq|clk1kHz'
Slack : -1.000
TNS   : -30.000

Type  : Slow 1200mV 0C Model Setup 'clk'
Slack : -2.306
TNS   : -50.633

Type  : Slow 1200mV 0C Model Setup 'divfreq:dFreq|clk1kHz'
Slack : -0.753
TNS   : -5.323

Type  : Slow 1200mV 0C Model Hold 'clk'
Slack : 0.311
TNS   : 0.000

Type  : Slow 1200mV 0C Model Hold 'divfreq:dFreq|clk1kHz'
Slack : 0.320
TNS   : 0.000

Type  : Slow 1200mV 0C Model Minimum Pulse Width 'clk'
Slack : -3.000
TNS   : -46.000

Type  : Slow 1200mV 0C Model Minimum Pulse Width 'divfreq:dFreq|clk1kHz'
Slack : -1.000
TNS   : -30.000

Type  : Fast 1200mV 0C Model Setup 'clk'
Slack : -1.040
TNS   : -16.313

Type  : Fast 1200mV 0C Model Setup 'divfreq:dFreq|clk1kHz'
Slack : -0.112
TNS   : -0.319

Type  : Fast 1200mV 0C Model Hold 'clk'
Slack : 0.165
TNS   : 0.000

Type  : Fast 1200mV 0C Model Hold 'divfreq:dFreq|clk1kHz'
Slack : 0.194
TNS   : 0.000

Type  : Fast 1200mV 0C Model Minimum Pulse Width 'clk'
Slack : -3.000
TNS   : -48.803

Type  : Fast 1200mV 0C Model Minimum Pulse Width 'divfreq:dFreq|clk1kHz'
Slack : -1.000
TNS   : -30.000

------------------------------------------------------------
